[laurasmartyes.wixsite.com/nana.html]
[static.parastorage.com/unpkg/core-js-bundle@3.2.1/minified.js]
[static.parastorage.com/unpkg/focus-within-polyfill@5.0.9/dist/focus-within-polyfill.js]
[backblue.gif]
[fade.gif]
[index.html]
[polyfill.io/v3/polyfill.mind82c.js]
[laurasmartyes.wixsite.com/index.html]
[laurasmartyes.wixsite.com/nana/technology.html]
[laurasmartyes.wixsite.com/nana/about.html]
[laurasmartyes.wixsite.com/nana/careers.html]
[static.wixstatic.com/media/c837a6_02de7d4c43d44b7b890854049ed75da8f000.jpg/v1/fill/w_147,h_83,al_c,q_80,usm_0.66_1.00_0.01,blur_2,enc_auto/c837a6_02de7d4c43d44b7b890854049ed75da8f000.jpg]
[static.wixstatic.com/media/84770f_3ebbf7ac3e26427b83ca50c82aabaaf8_mv2.png/v1/fill/w_49,h_14,al_c,q_85,usm_0.66_1.00_0.01,blur_2,enc_auto/84770f_3ebbf7ac3e26427b83ca50c82aabaaf8_mv2.png]
[static.wixstatic.com/media/c837a6_ea5eeb99f72d42b0a22f459e01bfd33c_mv2.jpg/v1/fill/w_123,h_107,al_c,q_80,usm_0.66_1.00_0.01,blur_2,enc_auto/c837a6_ea5eeb99f72d42b0a22f459e01bfd33c_mv2.jpg]
[static.wixstatic.com/media/84770f_3cc097e7503b4ed498e350c6618ef956_mv2.jpg/v1/fill/w_123,h_87,al_c,q_80,usm_0.66_1.00_0.01,blur_2,enc_auto/84770f_3cc097e7503b4ed498e350c6618ef956_mv2.jpg]
[static.wixstatic.com/media/84770f_abca8ce0bac24971a57d1f9d40b8238b_mv2.jpg/v1/fill/w_123,h_87,al_c,q_80,usm_0.66_1.00_0.01,blur_2,enc_auto/84770f_abca8ce0bac24971a57d1f9d40b8238b_mv2.jpg]
[static.wixstatic.com/media/c837a6_305ff8a7722a479ab58f1d4f2729586e_mv2.jpg/v1/fill/w_123,h_87,al_c,q_80,usm_0.66_1.00_0.01,blur_2,enc_auto/c837a6_305ff8a7722a479ab58f1d4f2729586e_mv2.jpg]
[static.wixstatic.com/media/c837a6_870aaf57c1d9484a9a6ee57f2465df75_mv2.jpg/v1/fill/w_147,h_87,al_c,q_80,usm_0.66_1.00_0.01,blur_2,enc_auto/c837a6_870aaf57c1d9484a9a6ee57f2465df75_mv2.jpg]
[static.wixstatic.com/media/c837a6_3a4f054db4424af1b034f96ddd7b691a_mv2.jpg/v1/fill/w_123,h_97,al_c,q_80,usm_0.66_1.00_0.01,blur_2,enc_auto/c837a6_3a4f054db4424af1b034f96ddd7b691a_mv2.jpg]
[static.wixstatic.com/media/c837a6_a8508672733a4bb7ba100662952d4f6f_mv2.png/v1/fill/w_139,h_140,al_c,q_85,usm_0.66_1.00_0.01,blur_3,enc_auto/General_Transport.png]
[static.wixstatic.com/media/c837a6_24669e1d20cd4f079fd2ea5e253c99b8_mv2.png/v1/fill/w_88,h_62,al_c,q_85,usm_0.66_1.00_0.01,blur_3,enc_auto/IDI_Software.png]
[static.wixstatic.com/media/c837a6_db1c6e9c1b95497f81465ccd218fa048_mv2.png/v1/fill/w_88,h_79,al_c,q_85,usm_0.66_1.00_0.01,blur_3,enc_auto/Imogen_Cars.png]
[static.wixstatic.com/media/c837a6_81bc98e386764170adbb3e97cc7e1655_mv2.png/v1/fill/w_128,h_64,al_c,q_85,usm_0.66_1.00_0.01,blur_3,enc_auto/Tri-Nex .png]
[laurasmartyes.wixsite.com/nana/electrical-engineer.html]
[browser.sentry-cdn.com/6.18.2/bundle.min.js]
[laurasmartyes.wixsite.com/sitemap.15.delayed]
[laurasmartyes.wixsite.com/feed.16.delayed]
[laurasmartyes.wixsite.com/${n.17.delayed]
[static.parastorage.com/services/wix-thunderbolt/dist/thunderbolt-commons.308d3009.bundle.min.js]
[static.parastorage.com/services/wix-thunderbolt/dist/main.9bf53485.bundle.min.js]
[static.parastorage.com/unpkg/lodash@4.17.21/lodash.min.js]
[static.parastorage.com/unpkg/react@16.14.0/umd/react.production.min.js]
[static.parastorage.com/unpkg/react-dom@16.14.0/umd/react-dom.production.min.js]
[laurasmartyes.wixsite.com/decodeURIComponent(e.1d.delayed]
[static.parastorage.com/services/tag-manager-client/1.705.0/siteTags.bundle.min.js]
[laurasmartyes.wixsite.com/nana.html]
[laurasmartyes.wixsite.com/index.html]
[static.parastorage.com/services/wix-perf-measure/1.1058.0/wix-perf-measure.umd.min.js]
[static.wixstatic.com/media/84770f_7d06620bdcd24de29f5d55fef94e1aab_mv2.jpg/v1/fill/w_147,h_81,al_c,q_80,usm_0.66_1.00_0.01,blur_2,enc_auto/84770f_7d06620bdcd24de29f5d55fef94e1aab_mv2.jpg]
[static.wixstatic.com/media/84770f_b25d65793a3844d693462c8c8bdcdda3_mv2.jpg/v1/fill/w_123,h_107,al_c,q_80,usm_0.66_1.00_0.01,blur_2,enc_auto/84770f_b25d65793a3844d693462c8c8bdcdda3_mv2.jpg]
[static.wixstatic.com/media/84770f_3776ae9c0c64453597798fcd81529730_mv2.jpg/v1/fill/w_123,h_107,al_c,q_80,usm_0.66_1.00_0.01,blur_2,enc_auto/84770f_3776ae9c0c64453597798fcd81529730_mv2.jpg]
[laurasmartyes.wixsite.com/nana/robots.23.delayed]
[laurasmartyes.wixsite.com/nana/sitemap.xml]
[laurasmartyes.wixsite.com/nana/feed.25.delayed]
[laurasmartyes.wixsite.com/nana/${n.26.delayed]
[laurasmartyes.wixsite.com/nana/decodeURIComponent(e.27.delayed]
[laurasmartyes.wixsite.com/nana/technology.html]
[static.wixstatic.com/media/c837a6_6805a01e59934a1584ecebb1a8ecd14c_mv2.jpg/v1/crop/x_3725,y_1163,w_2973,h_4576/fill/w_400,h_616,al_c,q_80,usm_0.66_1.00_0.01,enc_auto/GettyImages-932691626.jpg]
[static.wixstatic.com/media/c837a6_900813c9ecd54a3faa0d4a1c47e73406_mv2.jpg/v1/fill/w_147,h_98,al_c,q_80,usm_0.66_1.00_0.01,blur_2,enc_auto/c837a6_900813c9ecd54a3faa0d4a1c47e73406_mv2.jpg]
[static.wixstatic.com/media/c837a6_892d96f924374608aa5b536d2e4baf71_mv2.png/v1/fill/w_136,h_48,al_c,q_85,usm_0.66_1.00_0.01,blur_3,enc_auto/RCR-01.png]
[static.wixstatic.com/media/c837a6_41a30437c5b946cc9c4d48fe300106ed_mv2.png/v1/fill/w_132,h_28,al_c,q_85,usm_0.66_1.00_0.01,blur_3,enc_auto/TB_Review-01.png]
[static.wixstatic.com/media/c837a6_7a9b64de0c2d440da160ec83fd4312ad_mv2.png/v1/fill/w_136,h_18,al_c,q_85,usm_0.66_1.00_0.01,blur_3,enc_auto/Finance-01.png]
[static.wixstatic.com/media/c837a6_9fe36d379ad5420fb2f7663fe6a1ff26_mv2.png/v1/fill/w_135,h_33,al_c,q_85,usm_0.66_1.00_0.01,blur_3,enc_auto/Palo_Alto_Tribunal-01.png]
[static.wixstatic.com/media/c837a6_8842b707371246bf96beebdc0faa4ccb_mv2.png/v1/fill/w_136,h_95,al_c,q_85,usm_0.66_1.00_0.01,blur_3,enc_auto/London_post-01.png]
[laurasmartyes.wixsite.com/nana/about.html]
[static.wixstatic.com/media/84770f_b277d32c4552480eb4068ee023b6402d_mv2.jpg/v1/fill/w_123,h_97,al_c,q_80,usm_0.66_1.00_0.01,blur_2,enc_auto/84770f_b277d32c4552480eb4068ee023b6402d_mv2.jpg]
[static.wixstatic.com/media/c837a6_dd610e0724af42ebbc47147f9fbbedf1_mv2.jpg/v1/fill/w_123,h_97,al_c,q_80,usm_0.66_1.00_0.01,blur_2,enc_auto/c837a6_dd610e0724af42ebbc47147f9fbbedf1_mv2.jpg]
[laurasmartyes.wixsite.com/nana/data-scientist.html]
[laurasmartyes.wixsite.com/nana/artificial-intelligence-researcher.html]
[laurasmartyes.wixsite.com/nana/deep-learning-engineer.html]
[laurasmartyes.wixsite.com/nana/careers.html]
[laurasmartyes.wixsite.com/nana/electrical-engineer.html]
[laurasmartyes.wixsite.com/sitemap.html]
[laurasmartyes.wixsite.com/feed.html]
[laurasmartyes.wixsite.com/${n.html]
[laurasmartyes.wixsite.com/decodeURIComponent(e.html]
[laurasmartyes.wixsite.com/nana/robots.html]
[laurasmartyes.wixsite.com/nana/feed.html]
[laurasmartyes.wixsite.com/nana/${n.html]
[laurasmartyes.wixsite.com/nana/decodeURIComponent(e.html]
[laurasmartyes.wixsite.com/nana/data-scientist.html]
[laurasmartyes.wixsite.com/nana/artificial-intelligence-researcher.html]
[laurasmartyes.wixsite.com/nana/deep-learning-engineer.html]
[laurasmartyes.wixsite.com/nana/submit-your-application.html]
[laurasmartyes.wixsite.com/nana/submit-your-application.html]
